2025-09-27 22:47:47,694 - INFO - 
Test Accuracy: 37.32%
2025-09-27 22:47:47,697 - INFO - Evaluated on 2980 samples
